exports[`test renders correctly 1`] = `
<div
  className="main">
  <Connect(MessagesContainer) />
</div>
`;
